%!Adobe-FontList 1.20
%Locale:0x409

%BeginFont
Handler:DirectoryHandler
FontType:TrueType
FontName:Arial-BoldMT
FamilyName:Arial
StyleName:Bold
MenuName:Arial
StyleBits:2
WeightClass:700
WidthClass:5
AngleClass:0
FullName:Arial Bold
WritingScript:Roman
OutlineFileName:/Users/dquintero/Documents/Working/SoundRoyalties/Assets/Document fonts/Arial Bold.ttf
DataFormat:sfntData
hasSVG:no
VariableFontType:NonVariableFont
FileLength:751104
FileModTime:355042800
NameArray:0,Mac,4,Arial Bold
NameArray:0,Win,1,Arial
%EndFont

%BeginFont
Handler:DirectoryHandler
FontType:TrueType
FontName:ArialMT
FamilyName:Arial
StyleName:Regular
MenuName:Arial
StyleBits:0
WeightClass:400
WidthClass:5
AngleClass:0
FullName:Arial
WritingScript:Roman
OutlineFileName:/Users/dquintero/Documents/Working/SoundRoyalties/Assets/Document fonts/Arial.ttf
DataFormat:sfntData
hasSVG:no
VariableFontType:NonVariableFont
FileLength:774476
FileModTime:355042800
NameArray:0,Mac,4,Arial
NameArray:0,Win,1,Arial
%EndFont

%BeginFont
Handler:DirectoryHandler
FontType:TrueType
FontName:Avenir-Book
FamilyName:Avenir
StyleName:Book
MenuName:Avenir Book
StyleBits:0
WeightClass:400
WidthClass:5
AngleClass:0
FullName:Avenir Book
WritingScript:Roman
OutlineFileName:/Users/dquintero/Documents/Working/SoundRoyalties/Assets/Document fonts/Avenir.ttc
TTCOffset:72
DataFormat:sfntData
hasSVG:no
VariableFontType:NonVariableFont
FileLength:1639536
FileModTime:540359361
NameArray:0,Mac,18,Avenir Book
NameArray:0,Mac,4,Avenir Book
NameArray:0,Win,1,Avenir Book
NameArray:0,Win,16,Avenir
%EndFont

%BeginFont
Handler:DirectoryHandler
FontType:TrueType
FontName:Avenir-BookOblique
FamilyName:Avenir
StyleName:Book Oblique
MenuName:Avenir Book
StyleBits:1
WeightClass:400
WidthClass:5
AngleClass:1
FullName:Avenir Book Oblique
WritingScript:Roman
OutlineFileName:/Users/dquintero/Documents/Working/SoundRoyalties/Assets/Document fonts/Avenir.ttc
TTCOffset:388
DataFormat:sfntData
hasSVG:no
VariableFontType:NonVariableFont
FileLength:1639536
FileModTime:540359361
NameArray:0,Mac,18,Avenir Book Oblique
NameArray:0,Mac,4,Avenir Book Oblique
NameArray:0,Win,1,Avenir Book
NameArray:0,Win,16,Avenir
%EndFont

%BeginFont
Handler:DirectoryHandler
FontType:TrueType
FontName:Avenir-Black
FamilyName:Avenir
StyleName:Black
MenuName:Avenir Black
StyleBits:2
WeightClass:800
WidthClass:5
AngleClass:0
FullName:Avenir Black
WritingScript:Roman
OutlineFileName:/Users/dquintero/Documents/Working/SoundRoyalties/Assets/Document fonts/Avenir.ttc
TTCOffset:704
DataFormat:sfntData
hasSVG:no
VariableFontType:NonVariableFont
FileLength:1639536
FileModTime:540359361
NameArray:0,Mac,18,Avenir Black
NameArray:0,Mac,4,Avenir Black
NameArray:0,Win,1,Avenir Black
NameArray:0,Win,16,Avenir
%EndFont

%BeginFont
Handler:DirectoryHandler
FontType:TrueType
FontName:Avenir-BlackOblique
FamilyName:Avenir
StyleName:Black Oblique
MenuName:Avenir Black Oblique
StyleBits:3
WeightClass:800
WidthClass:5
AngleClass:1
FullName:Avenir Black Oblique
WritingScript:Roman
OutlineFileName:/Users/dquintero/Documents/Working/SoundRoyalties/Assets/Document fonts/Avenir.ttc
TTCOffset:1004
DataFormat:sfntData
hasSVG:no
VariableFontType:NonVariableFont
FileLength:1639536
FileModTime:540359361
NameArray:0,Mac,18,Avenir Black Oblique
NameArray:0,Mac,4,Avenir Black Oblique
NameArray:0,Win,1,Avenir Black Oblique
NameArray:0,Win,16,Avenir
%EndFont

%BeginFont
Handler:DirectoryHandler
FontType:TrueType
FontName:Avenir-Heavy
FamilyName:Avenir
StyleName:Heavy
MenuName:Avenir Heavy
StyleBits:2
WeightClass:900
WidthClass:5
AngleClass:0
FullName:Avenir Heavy
WritingScript:Roman
OutlineFileName:/Users/dquintero/Documents/Working/SoundRoyalties/Assets/Document fonts/Avenir.ttc
TTCOffset:1304
DataFormat:sfntData
hasSVG:no
VariableFontType:NonVariableFont
FileLength:1639536
FileModTime:540359361
NameArray:0,Mac,18,Avenir Heavy
NameArray:0,Mac,4,Avenir Heavy
NameArray:0,Win,1,Avenir Heavy
NameArray:0,Win,16,Avenir
%EndFont

%BeginFont
Handler:DirectoryHandler
FontType:TrueType
FontName:Avenir-HeavyOblique
FamilyName:Avenir
StyleName:Heavy Oblique
MenuName:Avenir Heavy
StyleBits:3
WeightClass:900
WidthClass:5
AngleClass:1
FullName:Avenir Heavy Oblique
WritingScript:Roman
OutlineFileName:/Users/dquintero/Documents/Working/SoundRoyalties/Assets/Document fonts/Avenir.ttc
TTCOffset:1588
DataFormat:sfntData
hasSVG:no
VariableFontType:NonVariableFont
FileLength:1639536
FileModTime:540359361
NameArray:0,Mac,18,Avenir Heavy Oblique
NameArray:0,Mac,4,Avenir Heavy Oblique
NameArray:0,Win,1,Avenir Heavy
NameArray:0,Win,16,Avenir
%EndFont

%BeginFont
Handler:DirectoryHandler
FontType:TrueType
FontName:Avenir-Light
FamilyName:Avenir
StyleName:Light
MenuName:Avenir Light
StyleBits:0
WeightClass:300
WidthClass:5
AngleClass:0
FullName:Avenir Light
WritingScript:Roman
OutlineFileName:/Users/dquintero/Documents/Working/SoundRoyalties/Assets/Document fonts/Avenir.ttc
TTCOffset:1904
DataFormat:sfntData
hasSVG:no
VariableFontType:NonVariableFont
FileLength:1639536
FileModTime:540359361
NameArray:0,Mac,18,Avenir Light
NameArray:0,Mac,4,Avenir Light
NameArray:0,Win,1,Avenir Light
NameArray:0,Win,16,Avenir
%EndFont

%BeginFont
Handler:DirectoryHandler
FontType:TrueType
FontName:Avenir-LightOblique
FamilyName:Avenir
StyleName:Light Oblique
MenuName:Avenir Light
StyleBits:1
WeightClass:300
WidthClass:5
AngleClass:1
FullName:Avenir Light Oblique
WritingScript:Roman
OutlineFileName:/Users/dquintero/Documents/Working/SoundRoyalties/Assets/Document fonts/Avenir.ttc
TTCOffset:2220
DataFormat:sfntData
hasSVG:no
VariableFontType:NonVariableFont
FileLength:1639536
FileModTime:540359361
NameArray:0,Mac,18,Avenir Light Oblique
NameArray:0,Mac,4,Avenir Light Oblique
NameArray:0,Win,1,Avenir Light
NameArray:0,Win,16,Avenir
%EndFont

%BeginFont
Handler:DirectoryHandler
FontType:TrueType
FontName:Avenir-Medium
FamilyName:Avenir
StyleName:Medium
MenuName:Avenir Medium
StyleBits:0
WeightClass:500
WidthClass:5
AngleClass:0
FullName:Avenir Medium
WritingScript:Roman
OutlineFileName:/Users/dquintero/Documents/Working/SoundRoyalties/Assets/Document fonts/Avenir.ttc
TTCOffset:2536
DataFormat:sfntData
hasSVG:no
VariableFontType:NonVariableFont
FileLength:1639536
FileModTime:540359361
NameArray:0,Mac,18,Avenir Medium
NameArray:0,Mac,4,Avenir Medium
NameArray:0,Win,1,Avenir Medium
NameArray:0,Win,16,Avenir
%EndFont

%BeginFont
Handler:DirectoryHandler
FontType:TrueType
FontName:Avenir-MediumOblique
FamilyName:Avenir
StyleName:Medium Oblique
MenuName:Avenir Medium
StyleBits:1
WeightClass:500
WidthClass:5
AngleClass:1
FullName:Avenir Medium Oblique
WritingScript:Roman
OutlineFileName:/Users/dquintero/Documents/Working/SoundRoyalties/Assets/Document fonts/Avenir.ttc
TTCOffset:2836
DataFormat:sfntData
hasSVG:no
VariableFontType:NonVariableFont
FileLength:1639536
FileModTime:540359361
NameArray:0,Mac,18,Avenir Medium Oblique
NameArray:0,Mac,4,Avenir Medium Oblique
NameArray:0,Win,1,Avenir Medium
NameArray:0,Win,16,Avenir
%EndFont

%BeginFont
Handler:DirectoryHandler
FontType:TrueType
FontName:Avenir-Oblique
FamilyName:Avenir
StyleName:Oblique
MenuName:Avenir
StyleBits:1
WeightClass:400
WidthClass:5
AngleClass:1
FullName:Avenir Oblique
WritingScript:Roman
OutlineFileName:/Users/dquintero/Documents/Working/SoundRoyalties/Assets/Document fonts/Avenir.ttc
TTCOffset:3152
DataFormat:sfntData
hasSVG:no
VariableFontType:NonVariableFont
FileLength:1639536
FileModTime:540359361
NameArray:0,Mac,18,Avenir Oblique
NameArray:0,Mac,4,Avenir Oblique
NameArray:0,Win,1,Avenir
NameArray:0,Win,16,Avenir
%EndFont

%BeginFont
Handler:DirectoryHandler
FontType:TrueType
FontName:Avenir-Roman
FamilyName:Avenir
StyleName:Roman
MenuName:Avenir
StyleBits:0
WeightClass:400
WidthClass:5
AngleClass:0
FullName:Avenir Roman
WritingScript:Roman
OutlineFileName:/Users/dquintero/Documents/Working/SoundRoyalties/Assets/Document fonts/Avenir.ttc
TTCOffset:3468
DataFormat:sfntData
hasSVG:no
VariableFontType:NonVariableFont
FileLength:1639536
FileModTime:540359361
NameArray:0,Mac,18,Avenir Roman
NameArray:0,Mac,4,Avenir Roman
NameArray:0,Win,1,Avenir
NameArray:0,Win,16,Avenir
%EndFont

%BeginFont
Handler:DirectoryHandler
FontType:Type1
FontName:CircularStd-Black
FamilyName:Circular Std
StyleName:Black
MenuName:Circular Std Black
StyleBits:0
WeightClass:900
WidthClass:5
AngleClass:0
FullName:Circular Std Black
WritingScript:Roman
OutlineFileName:/Users/dquintero/Documents/Working/SoundRoyalties/Assets/Document fonts/CircularStd-Black.otf
DataFormat:sfntData
UsesStandardEncoding:yes
isCFF:yes
hasSVG:no
VariableFontType:NonVariableFont
FileLength:74500
FileModTime:524526630
NameArray:0,Mac,4,Circular Std Black
NameArray:0,Win,1,Circular Std Black
NameArray:0,Win,16,Circular Std
%EndFont

%BeginFont
Handler:DirectoryHandler
FontType:Type1
FontName:Gotham-Bold
FamilyName:Gotham
StyleName:Bold
MenuName:Gotham-Bold
StyleBits:2
WeightClass:700
WidthClass:5
AngleClass:0
FullName:Gotham-Bold
WritingScript:Roman
OutlineFileName:/Users/dquintero/Documents/Working/SoundRoyalties/Assets/Document fonts/GothaBol
DataFormat:POSTResource
UsesStandardEncoding:no
isCFF:no
hasSVG:no
VariableFontType:NonVariableFont
FileLength:35360
FileModTime:70823418
DesignSize:-1
%EndFont

%BeginFont
Handler:DirectoryHandler
FontType:Type1
FontName:Gotham-Book
FamilyName:Gotham
StyleName:Book
MenuName:Gotham-Book
StyleBits:0
WeightClass:400
WidthClass:5
AngleClass:0
FullName:Gotham-Book
WritingScript:Roman
OutlineFileName:/Users/dquintero/Documents/Working/SoundRoyalties/Assets/Document fonts/GothaBoo
DataFormat:POSTResource
UsesStandardEncoding:no
isCFF:no
hasSVG:no
VariableFontType:NonVariableFont
FileLength:34921
FileModTime:70823426
DesignSize:-1
%EndFont

%BeginFont
Handler:DirectoryHandler
FontType:Suitcase
FontName:Gotham-Bold
OutlineFileName:/Users/dquintero/Documents/Working/SoundRoyalties/Assets/Document fonts/Gotham-Bold
ResourceID:4161
MacStyle:0
FileLength:24626
FileModTime:465501204
%EndFont

%BeginFont
Handler:DirectoryHandler
FontType:Suitcase
FontName:Gotham-Book
OutlineFileName:/Users/dquintero/Documents/Working/SoundRoyalties/Assets/Document fonts/Gotham-Book
ResourceID:4159
MacStyle:0
FileLength:24250
FileModTime:465501204
%EndFont

%BeginFont
Handler:DirectoryHandler
FontType:TrueType
FontName:Helvetica
FamilyName:Helvetica
StyleName:Regular
MenuName:Helvetica
StyleBits:0
WeightClass:400
WidthClass:5
AngleClass:0
FullName:Helvetica
WritingScript:Roman
OutlineFileName:/Users/dquintero/Documents/Working/SoundRoyalties/Assets/Document fonts/Helvetica.ttc
TTCOffset:48
DataFormat:sfntData
hasSVG:no
VariableFontType:NonVariableFont
FileLength:2319952
FileModTime:540359361
NameArray:0,Mac,18,Helvetica
NameArray:0,Mac,4,Helvetica
%EndFont

%BeginFont
Handler:DirectoryHandler
FontType:TrueType
FontName:Helvetica-Bold
FamilyName:Helvetica
StyleName:Bold
MenuName:Helvetica
StyleBits:2
WeightClass:700
WidthClass:5
AngleClass:0
FullName:Helvetica Bold
WritingScript:Roman
OutlineFileName:/Users/dquintero/Documents/Working/SoundRoyalties/Assets/Document fonts/Helvetica.ttc
TTCOffset:380
DataFormat:sfntData
hasSVG:no
VariableFontType:NonVariableFont
FileLength:2319952
FileModTime:540359361
NameArray:0,Mac,4,Helvetica Bold
NameArray:0,Mac,4,Helvetica lihava
NameArray:0,Mac,4,Helvetica Gras
NameArray:0,Mac,4,Helvetica Fett
NameArray:0,Mac,4,Helvetica grassetto
NameArray:0,Mac,4,Helvetica vet
NameArray:0,Mac,4,Helvetica Fet
NameArray:0,Mac,4,Helvetica Negrita
NameArray:0,Mac,4,Helvetica Carregado
NameArray:0,Mac,4,Helvetica Halvfet
NameArray:0,Mac,18,Helvetica Bold
NameArray:4,Mac,4,Helvetica‭ ‬أسود
NameArray:4,Mac,4,Helvetica‭ ‬برجسته
NameArray:5,Mac,4,Helvetica‭ ‬עבה
%EndFont

%BeginFont
Handler:DirectoryHandler
FontType:TrueType
FontName:Helvetica-Oblique
FamilyName:Helvetica
StyleName:Oblique
MenuName:Helvetica
StyleBits:1
WeightClass:400
WidthClass:5
AngleClass:1
FullName:Helvetica Oblique
WritingScript:Roman
OutlineFileName:/Users/dquintero/Documents/Working/SoundRoyalties/Assets/Document fonts/Helvetica.ttc
TTCOffset:712
DataFormat:sfntData
hasSVG:no
VariableFontType:NonVariableFont
FileLength:2319952
FileModTime:540359361
NameArray:0,Mac,18,Helvetica Oblique
NameArray:0,Mac,4,Helvetica Oblique
%EndFont

%BeginFont
Handler:DirectoryHandler
FontType:TrueType
FontName:Helvetica-BoldOblique
FamilyName:Helvetica
StyleName:Bold Oblique
MenuName:Helvetica
StyleBits:3
WeightClass:700
WidthClass:5
AngleClass:1
FullName:Helvetica Bold Oblique
WritingScript:Roman
OutlineFileName:/Users/dquintero/Documents/Working/SoundRoyalties/Assets/Document fonts/Helvetica.ttc
TTCOffset:1044
DataFormat:sfntData
hasSVG:no
VariableFontType:NonVariableFont
FileLength:2319952
FileModTime:540359361
NameArray:0,Mac,18,Helvetica Bold Oblique
NameArray:0,Mac,4,Helvetica Bold Oblique
%EndFont

%BeginFont
Handler:DirectoryHandler
FontType:TrueType
FontName:Helvetica-Light
FamilyName:Helvetica
StyleName:Light
MenuName:Helvetica
StyleBits:0
WeightClass:300
WidthClass:5
AngleClass:0
FullName:Helvetica Light
WritingScript:Roman
OutlineFileName:/Users/dquintero/Documents/Working/SoundRoyalties/Assets/Document fonts/Helvetica.ttc
TTCOffset:1376
DataFormat:sfntData
hasSVG:no
VariableFontType:NonVariableFont
FileLength:2319952
FileModTime:540359361
NameArray:0,Mac,18,Helvetica Light
NameArray:0,Mac,4,Helvetica Light
%EndFont

%BeginFont
Handler:DirectoryHandler
FontType:TrueType
FontName:Helvetica-LightOblique
FamilyName:Helvetica
StyleName:Light Oblique
MenuName:Helvetica
StyleBits:1
WeightClass:300
WidthClass:5
AngleClass:1
FullName:Helvetica Light Oblique
WritingScript:Roman
OutlineFileName:/Users/dquintero/Documents/Working/SoundRoyalties/Assets/Document fonts/Helvetica.ttc
TTCOffset:1676
DataFormat:sfntData
hasSVG:no
VariableFontType:NonVariableFont
FileLength:2319952
FileModTime:540359361
NameArray:0,Mac,18,Helvetica Light Oblique
NameArray:0,Mac,4,Helvetica Light Oblique
%EndFont

%BeginFont
Handler:DirectoryHandler
FontType:TrueType
FontName:HelveticaNeue
FamilyName:Helvetica Neue
StyleName:Regular
MenuName:Helvetica Neue
StyleBits:0
WeightClass:400
WidthClass:5
AngleClass:0
FullName:Helvetica Neue
WritingScript:Roman
OutlineFileName:/Users/dquintero/Documents/Working/SoundRoyalties/Assets/Document fonts/HelveticaNeue.ttc
TTCOffset:80
DataFormat:sfntData
hasSVG:no
VariableFontType:NonVariableFont
FileLength:6625220
FileModTime:540359361
NameArray:0,Mac,4,Helvetica Neue
%EndFont

%BeginFont
Handler:DirectoryHandler
FontType:TrueType
FontName:HelveticaNeue-Bold
FamilyName:Helvetica Neue
StyleName:Bold
MenuName:Helvetica Neue
StyleBits:2
WeightClass:700
WidthClass:5
AngleClass:0
FullName:Helvetica Neue Bold
WritingScript:Roman
OutlineFileName:/Users/dquintero/Documents/Working/SoundRoyalties/Assets/Document fonts/HelveticaNeue.ttc
TTCOffset:396
DataFormat:sfntData
hasSVG:no
VariableFontType:NonVariableFont
FileLength:6625220
FileModTime:540359361
NameArray:0,Mac,4,Helvetica Neue Bold
%EndFont

%BeginFont
Handler:DirectoryHandler
FontType:TrueType
FontName:HelveticaNeue-Italic
FamilyName:Helvetica Neue
StyleName:Italic
MenuName:Helvetica Neue
StyleBits:1
WeightClass:400
WidthClass:5
AngleClass:1
FullName:Helvetica Neue Italic
WritingScript:Roman
OutlineFileName:/Users/dquintero/Documents/Working/SoundRoyalties/Assets/Document fonts/HelveticaNeue.ttc
TTCOffset:744
DataFormat:sfntData
hasSVG:no
VariableFontType:NonVariableFont
FileLength:6625220
FileModTime:540359361
NameArray:0,Mac,4,Helvetica Neue Italic
%EndFont

%BeginFont
Handler:DirectoryHandler
FontType:TrueType
FontName:HelveticaNeue-BoldItalic
FamilyName:Helvetica Neue
StyleName:Bold Italic
MenuName:Helvetica Neue
StyleBits:3
WeightClass:700
WidthClass:5
AngleClass:1
FullName:Helvetica Neue Bold Italic
WritingScript:Roman
OutlineFileName:/Users/dquintero/Documents/Working/SoundRoyalties/Assets/Document fonts/HelveticaNeue.ttc
TTCOffset:1108
DataFormat:sfntData
hasSVG:no
VariableFontType:NonVariableFont
FileLength:6625220
FileModTime:540359361
NameArray:0,Mac,4,Helvetica Neue Bold Italic
%EndFont

%BeginFont
Handler:DirectoryHandler
FontType:TrueType
FontName:HelveticaNeue-CondensedBold
FamilyName:Helvetica Neue
StyleName:Condensed Bold
MenuName:Helvetica Neue
StyleBits:2
WeightClass:700
WidthClass:3
AngleClass:0
FullName:Helvetica Neue Condensed Bold
WritingScript:Roman
OutlineFileName:/Users/dquintero/Documents/Working/SoundRoyalties/Assets/Document fonts/HelveticaNeue.ttc
TTCOffset:1472
DataFormat:sfntData
hasSVG:no
VariableFontType:NonVariableFont
FileLength:6625220
FileModTime:540359361
NameArray:0,Mac,4,Helvetica Neue Condensed Bold
%EndFont

%BeginFont
Handler:DirectoryHandler
FontType:TrueType
FontName:HelveticaNeue-UltraLight
FamilyName:Helvetica Neue
StyleName:UltraLight
MenuName:Helvetica Neue
StyleBits:0
WeightClass:100
WidthClass:5
AngleClass:0
FullName:Helvetica Neue UltraLight
WritingScript:Roman
OutlineFileName:/Users/dquintero/Documents/Working/SoundRoyalties/Assets/Document fonts/HelveticaNeue.ttc
TTCOffset:1836
DataFormat:sfntData
hasSVG:no
VariableFontType:NonVariableFont
FileLength:6625220
FileModTime:540359361
NameArray:0,Mac,4,Helvetica Neue UltraLight
%EndFont

%BeginFont
Handler:DirectoryHandler
FontType:TrueType
FontName:HelveticaNeue-UltraLightItalic
FamilyName:Helvetica Neue
StyleName:UltraLight Italic
MenuName:Helvetica Neue
StyleBits:1
WeightClass:100
WidthClass:5
AngleClass:1
FullName:Helvetica Neue UltraLight Italic
WritingScript:Roman
OutlineFileName:/Users/dquintero/Documents/Working/SoundRoyalties/Assets/Document fonts/HelveticaNeue.ttc
TTCOffset:2168
DataFormat:sfntData
hasSVG:no
VariableFontType:NonVariableFont
FileLength:6625220
FileModTime:540359361
NameArray:0,Mac,4,Helvetica Neue UltraLight Italic
%EndFont

%BeginFont
Handler:DirectoryHandler
FontType:TrueType
FontName:HelveticaNeue-Light
FamilyName:Helvetica Neue
StyleName:Light
MenuName:Helvetica Neue
StyleBits:0
WeightClass:300
WidthClass:5
AngleClass:0
FullName:Helvetica Neue Light
WritingScript:Roman
OutlineFileName:/Users/dquintero/Documents/Working/SoundRoyalties/Assets/Document fonts/HelveticaNeue.ttc
TTCOffset:2532
DataFormat:sfntData
hasSVG:no
VariableFontType:NonVariableFont
FileLength:6625220
FileModTime:540359361
NameArray:0,Mac,4,Helvetica Neue Light
%EndFont

%BeginFont
Handler:DirectoryHandler
FontType:TrueType
FontName:HelveticaNeue-LightItalic
FamilyName:Helvetica Neue
StyleName:Light Italic
MenuName:Helvetica Neue
StyleBits:1
WeightClass:300
WidthClass:5
AngleClass:1
FullName:Helvetica Neue Light Italic
WritingScript:Roman
OutlineFileName:/Users/dquintero/Documents/Working/SoundRoyalties/Assets/Document fonts/HelveticaNeue.ttc
TTCOffset:2880
DataFormat:sfntData
hasSVG:no
VariableFontType:NonVariableFont
FileLength:6625220
FileModTime:540359361
NameArray:0,Mac,4,Helvetica Neue Light Italic
%EndFont

%BeginFont
Handler:DirectoryHandler
FontType:TrueType
FontName:HelveticaNeue-CondensedBlack
FamilyName:Helvetica Neue
StyleName:Condensed Black
MenuName:Helvetica Neue
StyleBits:2
WeightClass:900
WidthClass:3
AngleClass:0
FullName:Helvetica Neue Condensed Black
WritingScript:Roman
OutlineFileName:/Users/dquintero/Documents/Working/SoundRoyalties/Assets/Document fonts/HelveticaNeue.ttc
TTCOffset:3228
DataFormat:sfntData
hasSVG:no
VariableFontType:NonVariableFont
FileLength:6625220
FileModTime:540359361
NameArray:0,Mac,4,Helvetica Neue Condensed Black
%EndFont

%BeginFont
Handler:DirectoryHandler
FontType:TrueType
FontName:HelveticaNeue-Medium
FamilyName:Helvetica Neue
StyleName:Medium
MenuName:Helvetica Neue
StyleBits:0
WeightClass:500
WidthClass:5
AngleClass:0
FullName:Helvetica Neue Medium
WritingScript:Roman
OutlineFileName:/Users/dquintero/Documents/Working/SoundRoyalties/Assets/Document fonts/HelveticaNeue.ttc
TTCOffset:3592
DataFormat:sfntData
hasSVG:no
VariableFontType:NonVariableFont
FileLength:6625220
FileModTime:540359361
NameArray:0,Mac,4,Helvetica Neue Medium
%EndFont

%BeginFont
Handler:DirectoryHandler
FontType:TrueType
FontName:HelveticaNeue-MediumItalic
FamilyName:Helvetica Neue
StyleName:Medium Italic
MenuName:Helvetica Neue
StyleBits:0
WeightClass:500
WidthClass:5
AngleClass:0
FullName:Helvetica Neue Medium Italic
WritingScript:Roman
OutlineFileName:/Users/dquintero/Documents/Working/SoundRoyalties/Assets/Document fonts/HelveticaNeue.ttc
TTCOffset:3940
DataFormat:sfntData
hasSVG:no
VariableFontType:NonVariableFont
FileLength:6625220
FileModTime:540359361
NameArray:0,Mac,4,Helvetica Neue Medium Italic
%EndFont

%BeginFont
Handler:DirectoryHandler
FontType:TrueType
FontName:HelveticaNeue-Thin
FamilyName:Helvetica Neue
StyleName:Thin
MenuName:Helvetica Neue
StyleBits:0
WeightClass:200
WidthClass:5
AngleClass:0
FullName:Helvetica Neue Thin
WritingScript:Roman
OutlineFileName:/Users/dquintero/Documents/Working/SoundRoyalties/Assets/Document fonts/HelveticaNeue.ttc
TTCOffset:4208
DataFormat:sfntData
hasSVG:no
VariableFontType:NonVariableFont
FileLength:6625220
FileModTime:540359361
NameArray:0,Mac,4,Helvetica Neue Thin
NameArray:0,Win,1,Helvetica Neue
%EndFont

%BeginFont
Handler:DirectoryHandler
FontType:TrueType
FontName:HelveticaNeue-ThinItalic
FamilyName:Helvetica Neue
StyleName:Thin Italic
MenuName:Helvetica Neue
StyleBits:0
WeightClass:200
WidthClass:5
AngleClass:0
FullName:Helvetica Neue Thin Italic
WritingScript:Roman
OutlineFileName:/Users/dquintero/Documents/Working/SoundRoyalties/Assets/Document fonts/HelveticaNeue.ttc
TTCOffset:4540
DataFormat:sfntData
hasSVG:no
VariableFontType:NonVariableFont
FileLength:6625220
FileModTime:540359361
NameArray:0,Mac,4,Helvetica Neue Thin Italic
NameArray:0,Win,1,Helvetica Neue
%EndFont

%BeginFont
Handler:DirectoryHandler
FontType:Type1
FontName:MinionPro-Regular
FamilyName:Minion Pro
StyleName:Regular
MenuName:Minion Pro
StyleBits:0
WeightClass:400
WidthClass:5
AngleClass:0
FullName:Minion Pro
WritingScript:Roman
OutlineFileName:/Users/dquintero/Documents/Working/SoundRoyalties/Assets/Document fonts/MinionPro-Regular.otf
DataFormat:sfntData
UsesStandardEncoding:yes
isCFF:yes
hasSVG:no
VariableFontType:NonVariableFont
FileLength:217280
FileModTime:533658926
DesignSize:110
NameArray:0,Mac,4,Minion Pro
NameArray:0,Win,1,Minion Pro
%EndFont

